[0m17:06:37.153263 [debug] [MainThread]: Sending event: {'category': 'dbt', 'action': 'invocation', 'label': 'start', 'context': [<snowplow_tracker.self_describing_json.SelfDescribingJson object at 0x7a7cebfeafc0>, <snowplow_tracker.self_describing_json.SelfDescribingJson object at 0x7a7cebfeaff0>, <snowplow_tracker.self_describing_json.SelfDescribingJson object at 0x7a7cebfebfb0>]}


============================== 17:06:37.177233 | 37311082-7777-4373-830a-16713da2b09a ==============================
[0m17:06:37.177233 [info ] [MainThread]: Running with dbt=1.9.0
[0m17:06:37.179288 [debug] [MainThread]: running dbt with arguments {'printer_width': '80', 'indirect_selection': 'eager', 'log_cache_events': 'False', 'write_json': 'True', 'partial_parse': 'True', 'cache_selected_only': 'False', 'profiles_dir': '/root/.dbt', 'fail_fast': 'False', 'warn_error': 'None', 'log_path': 'logs', 'debug': 'False', 'version_check': 'True', 'use_colors': 'True', 'use_experimental_parser': 'False', 'no_print': 'None', 'quiet': 'False', 'empty': 'None', 'warn_error_options': 'WarnErrorOptions(include=[], exclude=[])', 'static_parser': 'True', 'introspect': 'True', 'invocation_command': 'dbt init my_project', 'target_path': 'None', 'log_format': 'default', 'send_anonymous_usage_stats': 'True'}
[0m17:06:37.276386 [warn ] [MainThread]: [ConfigFolderDirectory]: Unable to parse logging event dictionary. Failed to parse dir field: expected string or bytes-like object, got 'PosixPath'.. Dictionary: {'dir': PosixPath('/root/.dbt')}
[0m17:06:37.277945 [info ] [MainThread]: Creating dbt configuration folder at 
[0m17:06:37.283630 [debug] [MainThread]: Starter project path: /usr/local/lib/python3.12/site-packages/dbt/include/starter_project
[0m17:06:37.303529 [info ] [MainThread]: 
Your new dbt project "my_project" was created!

For more information on how to configure the profiles.yml file,
please consult the dbt documentation here:

  https://docs.getdbt.com/docs/configure-your-profile

One more thing:

Need help? Don't hesitate to reach out to us via GitHub issues or on Slack:

  https://community.getdbt.com/

Happy modeling!

[0m17:06:37.305371 [info ] [MainThread]: Setting up your profile.
[0m17:07:49.433999 [info ] [MainThread]: Profile my_project written to /root/.dbt/profiles.yml using target's profile_template.yml and your supplied values. Run 'dbt debug' to validate the connection.
[0m17:07:49.452261 [debug] [MainThread]: Resource report: {"command_name": "init", "command_success": true, "command_wall_clock_time": 72.82898, "process_in_blocks": "21880", "process_kernel_time": 1.166636, "process_mem_max_rss": "92248", "process_out_blocks": "1544", "process_user_time": 4.107353}
[0m17:07:49.454631 [debug] [MainThread]: Command `dbt init` succeeded at 17:07:49.454181 after 72.83 seconds
[0m17:07:49.458876 [debug] [MainThread]: Sending event: {'category': 'dbt', 'action': 'invocation', 'label': 'end', 'context': [<snowplow_tracker.self_describing_json.SelfDescribingJson object at 0x7a7ceb6a9640>, <snowplow_tracker.self_describing_json.SelfDescribingJson object at 0x7a7ceb415e80>, <snowplow_tracker.self_describing_json.SelfDescribingJson object at 0x7a7ceb47e9c0>]}
[0m17:07:49.463152 [debug] [MainThread]: Flushing usage events
[0m17:07:51.064479 [debug] [MainThread]: An error was encountered while trying to flush usage events
[0m17:09:42.599683 [debug] [MainThread]: Sending event: {'category': 'dbt', 'action': 'invocation', 'label': 'start', 'context': [<snowplow_tracker.self_describing_json.SelfDescribingJson object at 0x733b8ad1e930>, <snowplow_tracker.self_describing_json.SelfDescribingJson object at 0x733b8c958ce0>, <snowplow_tracker.self_describing_json.SelfDescribingJson object at 0x733b8ca10440>]}


============================== 17:09:42.619363 | d38d90b2-ea10-4840-8c7c-ca04301975ad ==============================
[0m17:09:42.619363 [info ] [MainThread]: Running with dbt=1.9.0
[0m17:09:42.621208 [debug] [MainThread]: running dbt with arguments {'printer_width': '80', 'indirect_selection': 'eager', 'log_cache_events': 'False', 'write_json': 'True', 'partial_parse': 'True', 'cache_selected_only': 'False', 'profiles_dir': '/root/.dbt', 'version_check': 'True', 'warn_error': 'None', 'log_path': 'logs', 'debug': 'False', 'fail_fast': 'False', 'use_colors': 'True', 'use_experimental_parser': 'False', 'empty': 'None', 'quiet': 'False', 'no_print': 'None', 'log_format': 'default', 'static_parser': 'True', 'introspect': 'True', 'invocation_command': 'dbt debug', 'target_path': 'None', 'warn_error_options': 'WarnErrorOptions(include=[], exclude=[])', 'send_anonymous_usage_stats': 'True'}
[0m17:09:42.721811 [info ] [MainThread]: dbt version: 1.9.0
[0m17:09:42.722953 [info ] [MainThread]: python version: 3.12.4
[0m17:09:42.724219 [info ] [MainThread]: python path: /usr/local/bin/python
[0m17:09:42.725483 [info ] [MainThread]: os info: Linux-6.6.87.1-microsoft-standard-WSL2-x86_64-with-glibc2.31
[0m17:09:42.732088 [info ] [MainThread]: Using profiles dir at /root/.dbt
[0m17:09:42.735751 [info ] [MainThread]: Using profiles.yml file at /root/.dbt/profiles.yml
[0m17:09:42.737781 [info ] [MainThread]: Using dbt_project.yml file at /usr/app/dbt_project.yml
[0m17:09:42.739247 [info ] [MainThread]: Configuration:
[0m17:09:42.740588 [info ] [MainThread]:   profiles.yml file [[31mERROR not found[0m]
[0m17:09:42.742779 [info ] [MainThread]:   dbt_project.yml file [[31mERROR not found[0m]
[0m17:09:42.746245 [info ] [MainThread]: Required dependencies:
[0m17:09:42.749409 [debug] [MainThread]: Executing "git --help"
[0m17:09:42.791181 [debug] [MainThread]: STDOUT: "b"usage: git [--version] [--help] [-C <path>] [-c <name>=<value>]\n           [--exec-path[=<path>]] [--html-path] [--man-path] [--info-path]\n           [-p | --paginate | -P | --no-pager] [--no-replace-objects] [--bare]\n           [--git-dir=<path>] [--work-tree=<path>] [--namespace=<name>]\n           <command> [<args>]\n\nThese are common Git commands used in various situations:\n\nstart a working area (see also: git help tutorial)\n   clone             Clone a repository into a new directory\n   init              Create an empty Git repository or reinitialize an existing one\n\nwork on the current change (see also: git help everyday)\n   add               Add file contents to the index\n   mv                Move or rename a file, a directory, or a symlink\n   restore           Restore working tree files\n   rm                Remove files from the working tree and from the index\n   sparse-checkout   Initialize and modify the sparse-checkout\n\nexamine the history and state (see also: git help revisions)\n   bisect            Use binary search to find the commit that introduced a bug\n   diff              Show changes between commits, commit and working tree, etc\n   grep              Print lines matching a pattern\n   log               Show commit logs\n   show              Show various types of objects\n   status            Show the working tree status\n\ngrow, mark and tweak your common history\n   branch            List, create, or delete branches\n   commit            Record changes to the repository\n   merge             Join two or more development histories together\n   rebase            Reapply commits on top of another base tip\n   reset             Reset current HEAD to the specified state\n   switch            Switch branches\n   tag               Create, list, delete or verify a tag object signed with GPG\n\ncollaborate (see also: git help workflows)\n   fetch             Download objects and refs from another repository\n   pull              Fetch from and integrate with another repository or a local branch\n   push              Update remote refs along with associated objects\n\n'git help -a' and 'git help -g' list available subcommands and some\nconcept guides. See 'git help <command>' or 'git help <concept>'\nto read about a specific subcommand or concept.\nSee 'git help git' for an overview of the system.\n""
[0m17:09:42.793045 [debug] [MainThread]: STDERR: "b''"
[0m17:09:42.794441 [info ] [MainThread]:  - git [[32mOK found[0m]

[0m17:09:42.796351 [info ] [MainThread]: Connection test skipped since no profile was found
[0m17:09:42.798293 [info ] [MainThread]: [31m2 checks failed:[0m
[0m17:09:42.799665 [info ] [MainThread]: dbt looked for a profiles.yml file in /root/.dbt/profiles.yml, but did
not find one. For more information on configuring your profile, consult the
documentation:

https://docs.getdbt.com/docs/configure-your-profile


[0m17:09:42.804788 [info ] [MainThread]: Project loading failed for the following reason:
 project path </usr/app/dbt_project.yml> not found

[0m17:09:42.809117 [debug] [MainThread]: Resource report: {"command_name": "debug", "command_success": false, "command_wall_clock_time": 0.35263705, "process_in_blocks": "0", "process_kernel_time": 0.824105, "process_mem_max_rss": "87044", "process_out_blocks": "1488", "process_user_time": 3.929724}
[0m17:09:42.811643 [debug] [MainThread]: Command `dbt debug` failed at 17:09:42.811071 after 0.36 seconds
[0m17:09:42.813017 [debug] [MainThread]: Sending event: {'category': 'dbt', 'action': 'invocation', 'label': 'end', 'context': [<snowplow_tracker.self_describing_json.SelfDescribingJson object at 0x733b8bdc5b80>, <snowplow_tracker.self_describing_json.SelfDescribingJson object at 0x733b8af3e030>, <snowplow_tracker.self_describing_json.SelfDescribingJson object at 0x733b8ab0f8f0>]}
[0m17:09:42.815319 [debug] [MainThread]: Flushing usage events
[0m17:09:44.613915 [debug] [MainThread]: An error was encountered while trying to flush usage events
